// Jest Snapshot v1, https://goo.gl/fbAQLP

exports[`MainButton should be render 1`] = `
<button
  className="mainButton"
  onClick={[Function]}
>
  CLICK HERE!
</button>
`;
