// Jest Snapshot v1, https://goo.gl/fbAQLP

exports[`Button should be render 1`] = `
<button
  disabled={true}
  onClick={[Function]}
>
  Start
</button>
`;
