// Jest Snapshot v1, https://goo.gl/fbAQLP

exports[`NotFoundPage should be render 1`] = `
<div
  className="notFound__container"
>
  <div
    className="notFound__container__status"
  >
    404
  </div>
  <div
    className="notFound__container__text"
  >
    Page not found.
  </div>
</div>
`;
