// Jest Snapshot v1, https://goo.gl/fbAQLP

exports[`FinalCount should be render 1`] = `
<div
  className="gamePage__container"
>
   
  <div>
    start from 
    3
     seconds
  </div>
   
</div>
`;
